2026-02-22 17:35:22,154 [INFO] sync_order_to_google_sheets attempt order_id=15
2026-02-22 17:35:23,290 [ERROR] order_id=15 sync failed: orders
2026-02-22 17:35:34,500 [INFO] sync_order_to_google_sheets attempt order_id=15
2026-02-22 17:35:35,496 [ERROR] order_id=15 sync failed: orders
2026-02-22 17:35:59,968 [INFO] sync_order_to_google_sheets attempt order_id=15
2026-02-22 17:36:00,964 [ERROR] order_id=15 sync failed: orders
2026-02-22 17:36:40,069 [INFO] sync_order_to_google_sheets attempt order_id=15
2026-02-22 17:36:41,705 [INFO] order_id=15 sync success
2026-02-22 18:18:59,645 [INFO] sync_order_to_google_sheets attempt order_id=14
2026-02-22 18:19:01,527 [INFO] order_id=14 sync success
2026-02-22 21:24:33,274 [INFO] sync_order_to_google_sheets attempt order_id=14
2026-02-22 21:24:35,296 [INFO] order_id=14 sync success
2026-02-22 21:24:50,902 [INFO] sync_order_to_google_sheets attempt order_id=14
2026-02-22 21:24:52,449 [INFO] order_id=14 sync success
2026-02-22 21:25:19,912 [INFO] sync_order_to_google_sheets attempt order_id=13
2026-02-22 21:25:21,514 [INFO] order_id=13 sync success
2026-02-22 21:30:26,540 [INFO] sync_order_to_google_sheets attempt order_id=13
2026-02-22 21:30:28,476 [INFO] order_id=13 sync success
2026-02-22 21:57:56,951 [INFO] sync_order_to_google_sheets attempt order_id=12
2026-02-22 21:57:59,859 [INFO] order_id=12 sync success
2026-02-22 21:58:11,223 [INFO] sync_order_to_google_sheets attempt order_id=11
2026-02-22 21:58:13,477 [INFO] order_id=11 sync success
2026-02-22 21:58:17,718 [INFO] sync_order_to_google_sheets attempt order_id=10
2026-02-22 21:58:20,259 [INFO] order_id=10 sync success
2026-02-23 07:46:59,929 [INFO] sync_order_to_google_sheets attempt order_id=9
2026-02-23 07:47:02,057 [INFO] order_id=9 sync success
2026-02-23 07:47:03,280 [INFO] sync_order_to_google_sheets attempt order_id=8
2026-02-23 07:47:04,252 [INFO] sync_order_to_google_sheets attempt order_id=7
2026-02-23 07:47:05,310 [INFO] order_id=8 sync success
2026-02-23 07:47:06,233 [INFO] order_id=7 sync success
2026-02-23 18:59:00,884 [INFO] sync_order_to_google_sheets attempt order_id=16
2026-02-23 18:59:00,888 [WARNING] Order 16 not found
2026-02-23 19:06:52,950 [INFO] sync_order_to_google_sheets attempt order_id=16
2026-02-23 19:06:56,856 [INFO] order_id=16 sync success
2026-02-23 19:08:23,224 [INFO] sync_order_to_google_sheets attempt order_id=17
2026-02-23 19:08:23,230 [WARNING] Order 17 not found
2026-02-23 19:08:23,931 [INFO] sync_order_to_google_sheets attempt order_id=17
2026-02-23 19:08:27,796 [INFO] order_id=17 sync success
2026-02-24 12:33:24,914 [INFO] sync_order_to_google_sheets attempt order_id=18
2026-02-24 12:33:24,921 [WARNING] Order 18 not found
2026-02-24 12:33:25,644 [INFO] sync_order_to_google_sheets attempt order_id=18
2026-02-24 12:33:27,427 [INFO] order_id=18 sync success
2026-02-24 19:05:40,126 [INFO] sync_order_to_google_sheets attempt order_id=19
2026-02-24 19:05:41,048 [INFO] sync_order_to_google_sheets attempt order_id=19
2026-02-24 19:05:42,328 [INFO] order_id=19 sync success
2026-02-24 19:05:43,070 [INFO] order_id=19 sync success
2026-02-24 20:05:51,881 [INFO] sync_order_to_google_sheets attempt order_id=20
2026-02-24 20:05:51,885 [WARNING] Order 20 not found
2026-02-24 20:05:52,691 [INFO] sync_order_to_google_sheets attempt order_id=20
2026-02-24 20:05:54,466 [INFO] order_id=20 sync success
2026-02-26 19:47:13,807 [INFO] sync_order_to_google_sheets attempt order_id=21
2026-02-26 19:47:15,664 [INFO] sync_order_to_google_sheets attempt order_id=21
2026-02-26 19:47:16,211 [INFO] order_id=21 sync success
2026-02-26 19:47:17,471 [INFO] order_id=21 sync success
2026-02-28 18:34:11,362 [INFO] sync_order_to_google_sheets attempt order_id=22
2026-02-28 18:34:11,366 [WARNING] Order 22 not found
2026-02-28 18:34:13,817 [INFO] sync_order_to_google_sheets attempt order_id=22
2026-02-28 18:34:16,712 [INFO] order_id=22 sync success
2026-02-28 18:56:56,613 [INFO] sync_order_to_google_sheets attempt order_id=23
2026-02-28 18:56:56,618 [WARNING] Order 23 not found
2026-02-28 18:56:57,280 [INFO] sync_order_to_google_sheets attempt order_id=23
2026-02-28 18:56:59,659 [INFO] order_id=23 sync success
2026-03-02 20:44:24,917 [INFO] sync_order_to_google_sheets attempt order_id=6
2026-03-02 20:44:26,973 [INFO] order_id=6 sync success
2026-03-08 00:26:58,254 [INFO] sync_order_to_google_sheets attempt order_id=24
2026-03-08 00:27:00,927 [INFO] order_id=24 sync success
2026-03-08 00:29:28,174 [INFO] sync_order_to_google_sheets attempt order_id=25
2026-03-08 00:29:30,287 [INFO] order_id=25 sync success
2026-03-17 15:06:05,885 [INFO] sync_order_to_google_sheets attempt order_id=26
2026-03-17 15:06:08,776 [INFO] sync_order_to_google_sheets attempt order_id=26
2026-03-17 15:06:09,150 [INFO] order_id=26 sync success
2026-03-17 15:06:11,555 [INFO] order_id=26 sync success
2026-03-19 21:00:13,086 [INFO] sync_order_to_google_sheets attempt order_id=27
2026-03-19 21:00:15,526 [INFO] order_id=27 sync success
2026-03-19 21:00:17,583 [INFO] sync_order_to_google_sheets attempt order_id=27
2026-03-19 21:00:17,588 [INFO] order_id=27 already exported, skip
2026-03-20 23:31:10,324 [INFO] sync_order_to_google_sheets attempt order_id=28
2026-03-20 23:31:12,846 [INFO] order_id=28 sync success
2026-03-20 23:31:13,237 [INFO] sync_order_to_google_sheets attempt order_id=28
2026-03-20 23:31:13,242 [INFO] order_id=28 already exported, skip
2026-03-24 03:58:35,390 [INFO] sync_order_to_google_sheets attempt order_id=29
2026-03-24 03:58:38,206 [INFO] order_id=29 sync success
2026-03-24 03:58:46,903 [INFO] sync_order_to_google_sheets attempt order_id=29
2026-03-24 03:58:46,907 [INFO] order_id=29 already exported, skip
2026-04-30 09:50:04,903 [INFO] sync_order_to_google_sheets attempt order_id=30
2026-04-30 09:50:06,648 [INFO] sync_order_to_google_sheets attempt order_id=30
2026-04-30 09:50:07,085 [INFO] order_id=30 sync success
2026-04-30 09:50:08,702 [INFO] order_id=30 sync success
2026-05-26 12:45:37,739 [INFO] sync_order_to_google_sheets attempt order_id=31
2026-05-26 12:45:44,330 [INFO] order_id=31 sync success
2026-05-26 22:20:26,025 [INFO] sync_order_to_google_sheets attempt order_id=32
2026-05-26 22:20:33,610 [INFO] order_id=32 sync success
2026-05-28 22:01:19,821 [INFO] sync_order_to_google_sheets attempt order_id=33
2026-05-28 22:01:23,248 [INFO] order_id=33 sync success
2026-05-28 22:04:27,461 [INFO] sync_order_to_google_sheets attempt order_id=34
2026-05-28 22:04:29,823 [INFO] order_id=34 sync success
2026-05-29 11:07:23,445 [INFO] sync_order_to_google_sheets attempt order_id=35
2026-05-29 11:07:27,068 [INFO] order_id=35 sync success
2026-05-29 11:18:45,929 [INFO] sync_order_to_google_sheets attempt order_id=36
2026-05-29 11:18:48,001 [INFO] order_id=36 sync success
2026-05-29 11:18:48,021 [INFO] sync_order_to_google_sheets attempt order_id=36
2026-05-29 11:18:48,028 [INFO] order_id=36 already exported, skip
2026-05-29 12:38:19,132 [INFO] sync_order_to_google_sheets attempt order_id=37
2026-05-29 12:38:21,483 [INFO] order_id=37 sync success
2026-05-29 12:38:25,220 [INFO] sync_order_to_google_sheets attempt order_id=37
2026-05-29 12:38:25,227 [INFO] order_id=37 already exported, skip
2026-05-30 12:05:32,819 [INFO] sync_order_to_google_sheets attempt order_id=38
2026-05-30 12:05:40,729 [INFO] sync_order_to_google_sheets attempt order_id=38
2026-05-30 12:05:45,015 [INFO] order_id=38 sync success
2026-05-30 12:05:45,588 [INFO] order_id=38 sync success
2026-05-31 13:29:14,676 [INFO] sync_order_to_google_sheets attempt order_id=39
2026-05-31 13:29:17,403 [INFO] sync_order_to_google_sheets attempt order_id=39
2026-05-31 13:29:18,497 [INFO] order_id=39 sync success
2026-05-31 13:29:20,146 [INFO] order_id=39 sync success
2026-05-31 16:46:16,677 [INFO] sync_order_to_google_sheets attempt order_id=40
2026-05-31 16:46:19,704 [INFO] sync_order_to_google_sheets attempt order_id=40
2026-05-31 16:46:21,522 [INFO] order_id=40 sync success
2026-05-31 16:46:22,699 [INFO] order_id=40 sync success
2026-06-02 19:02:01,603 [INFO] sync_order_to_google_sheets attempt order_id=41
2026-06-02 19:02:05,843 [INFO] sync_order_to_google_sheets attempt order_id=41
2026-06-02 19:02:07,105 [INFO] order_id=41 sync success
2026-06-02 19:02:11,386 [INFO] order_id=41 sync success
2026-08-25 16:49:40,557 [INFO] sync_order_to_google_sheets attempt order_id=42
2026-08-25 16:49:44,598 [INFO] order_id=42 sync success
2026-08-26 19:15:17,140 [INFO] sync_order_to_google_sheets attempt order_id=43
2026-08-26 19:15:19,251 [INFO] order_id=43 sync success
2026-08-31 11:49:30,822 [INFO] sync_order_to_google_sheets attempt order_id=44
2026-08-31 11:49:33,426 [INFO] sync_order_to_google_sheets attempt order_id=44
2026-08-31 11:49:34,959 [INFO] order_id=44 sync success
2026-08-31 11:49:38,054 [INFO] order_id=44 sync success
2026-08-31 13:30:52,497 [INFO] sync_order_to_google_sheets attempt order_id=45
2026-08-31 13:30:55,360 [INFO] sync_order_to_google_sheets attempt order_id=45
2026-08-31 13:30:56,308 [INFO] order_id=45 sync success
2026-08-31 13:30:57,192 [INFO] order_id=45 sync success
